0 verbose cli C:\Program Files\nodejs\node.exe C:\Program Files\nodejs\node_modules\npm\bin\npm-cli.js
1 info using npm@11.9.0
2 info using node@v24.14.0
3 silly config load:file:C:\Program Files\nodejs\node_modules\npm\npmrc
4 silly config load:file:E:\PA Anisa\.npmrc
5 silly config load:file:C:\Users\admin\.npmrc
6 silly config load:file:C:\Users\admin\AppData\Roaming\npm\etc\npmrc
7 verbose title npm i cors
8 verbose argv "i" "cors"
9 verbose logfile logs-max:10 dir:E:\PA Anisa\.npm-cache\_logs\2026-05-06T08_29_27_840Z-
10 verbose logfile E:\PA Anisa\.npm-cache\_logs\2026-05-06T08_29_27_840Z-debug-0.log
11 silly logfile done cleaning log files
12 silly packumentCache heap:2213019648 maxSize:553254912 maxEntrySize:276627456
13 silly idealTree buildDeps
14 silly fetch manifest cors@*
15 silly packumentCache full:https://registry.npmjs.org/cors cache-miss
16 http fetch GET 200 https://registry.npmjs.org/cors 469ms (cache miss)
17 silly packumentCache full:https://registry.npmjs.org/cors set size:undefined disposed:false
18 silly placeDep ROOT cors@2.8.6 OK for: sistem-pelayanan-terpadu@1.0.0 want: *
19 silly fetch manifest object-assign@^4
20 silly packumentCache full:https://registry.npmjs.org/object-assign cache-miss
21 http fetch GET 200 https://registry.npmjs.org/object-assign 77ms (cache miss)
22 silly packumentCache full:https://registry.npmjs.org/object-assign set size:undefined disposed:false
23 silly placeDep ROOT object-assign@4.1.1 OK for: cors@2.8.6 want: ^4
24 silly reify moves {}
25 silly audit bulk request {
25 silly audit   '@types/node': [ '25.5.2' ],
25 silly audit   accepts: [ '1.3.8' ],
25 silly audit   anymatch: [ '3.1.3' ],
25 silly audit   'append-field': [ '1.0.0' ],
25 silly audit   'array-flatten': [ '1.1.1' ],
25 silly audit   'aws-ssl-profiles': [ '1.1.2' ],
25 silly audit   'balanced-match': [ '4.0.4' ],
25 silly audit   bcryptjs: [ '2.4.3' ],
25 silly audit   'binary-extensions': [ '2.3.0' ],
25 silly audit   'body-parser': [ '1.20.4' ],
25 silly audit   'brace-expansion': [ '5.0.5' ],
25 silly audit   braces: [ '3.0.3' ],
25 silly audit   'buffer-equal-constant-time': [ '1.0.1' ],
25 silly audit   'buffer-from': [ '1.1.2' ],
25 silly audit   busboy: [ '1.6.0' ],
25 silly audit   bytes: [ '3.1.2' ],
25 silly audit   'call-bind-apply-helpers': [ '1.0.2' ],
25 silly audit   'call-bound': [ '1.0.4' ],
25 silly audit   chokidar: [ '3.6.0' ],
25 silly audit   'concat-stream': [ '2.0.0' ],
25 silly audit   'content-disposition': [ '0.5.4' ],
25 silly audit   'content-type': [ '1.0.5' ],
25 silly audit   cookie: [ '0.7.2' ],
25 silly audit   'cookie-signature': [ '1.0.7' ],
25 silly audit   debug: [ '2.6.9', '4.4.3' ],
25 silly audit   denque: [ '2.1.0' ],
25 silly audit   depd: [ '2.0.0' ],
25 silly audit   destroy: [ '1.2.0' ],
25 silly audit   dotenv: [ '16.6.1' ],
25 silly audit   'dunder-proto': [ '1.0.1' ],
25 silly audit   'ecdsa-sig-formatter': [ '1.0.11' ],
25 silly audit   'ee-first': [ '1.1.1' ],
25 silly audit   encodeurl: [ '2.0.0' ],
25 silly audit   'es-define-property': [ '1.0.1' ],
25 silly audit   'es-errors': [ '1.3.0' ],
25 silly audit   'es-object-atoms': [ '1.1.1' ],
25 silly audit   'escape-html': [ '1.0.3' ],
25 silly audit   etag: [ '1.8.1' ],
25 silly audit   express: [ '4.22.1' ],
25 silly audit   'fill-range': [ '7.1.1' ],
25 silly audit   finalhandler: [ '1.3.2' ],
25 silly audit   forwarded: [ '0.2.0' ],
25 silly audit   fresh: [ '0.5.2' ],
25 silly audit   fsevents: [ '2.3.3' ],
25 silly audit   'function-bind': [ '1.1.2' ],
25 silly audit   'generate-function': [ '2.3.1' ],
25 silly audit   'get-intrinsic': [ '1.3.0' ],
25 silly audit   'get-proto': [ '1.0.1' ],
25 silly audit   'glob-parent': [ '5.1.2' ],
25 silly audit   gopd: [ '1.2.0' ],
25 silly audit   'has-flag': [ '3.0.0' ],
25 silly audit   'has-symbols': [ '1.1.0' ],
25 silly audit   hasown: [ '2.0.2' ],
25 silly audit   'http-errors': [ '2.0.1' ],
25 silly audit   'iconv-lite': [ '0.4.24', '0.7.2' ],
25 silly audit   'ignore-by-default': [ '1.0.1' ],
25 silly audit   inherits: [ '2.0.4' ],
25 silly audit   'ipaddr.js': [ '1.9.1' ],
25 silly audit   'is-binary-path': [ '2.1.0' ],
25 silly audit   'is-extglob': [ '2.1.1' ],
25 silly audit   'is-glob': [ '4.0.3' ],
25 silly audit   'is-number': [ '7.0.0' ],
25 silly audit   'is-property': [ '1.0.2' ],
25 silly audit   jsonwebtoken: [ '9.0.2' ],
25 silly audit   ms: [ '2.1.3', '2.0.0' ],
25 silly audit   jwa: [ '1.4.2' ],
25 silly audit   jws: [ '3.2.3' ],
25 silly audit   'lodash.includes': [ '4.3.0' ],
25 silly audit   'lodash.isboolean': [ '3.0.3' ],
25 silly audit   'lodash.isinteger': [ '4.0.4' ],
25 silly audit   'lodash.isnumber': [ '3.0.3' ],
25 silly audit   'lodash.isplainobject': [ '4.0.6' ],
25 silly audit   'lodash.isstring': [ '4.0.1' ],
25 silly audit   'lodash.once': [ '4.1.1' ],
25 silly audit   long: [ '5.3.2' ],
25 silly audit   'lru.min': [ '1.1.4' ],
25 silly audit   'math-intrinsics': [ '1.1.0' ],
25 silly audit   'media-typer': [ '0.3.0' ],
25 silly audit   'merge-descriptors': [ '1.0.3' ],
25 silly audit   methods: [ '1.1.2' ],
25 silly audit   mime: [ '1.6.0' ],
25 silly audit   'mime-db': [ '1.52.0' ],
25 silly audit   'mime-types': [ '2.1.35' ],
25 silly audit   minimatch: [ '10.2.5' ],
25 silly audit   multer: [ '2.1.1' ],
25 silly audit   mysql2: [ '3.20.0' ],
25 silly audit   'named-placeholders': [ '1.1.6' ],
25 silly audit   negotiator: [ '0.6.3' ],
25 silly audit   nodemon: [ '3.1.14' ],
25 silly audit   'normalize-path': [ '3.0.0' ],
25 silly audit   'object-inspect': [ '1.13.4' ],
25 silly audit   'on-finished': [ '2.4.1' ],
25 silly audit   parseurl: [ '1.3.3' ],
25 silly audit   'path-to-regexp': [ '0.1.13' ],
25 silly audit   picomatch: [ '2.3.2' ],
25 silly audit   'proxy-addr': [ '2.0.7' ],
25 silly audit   'pstree.remy': [ '1.1.8' ],
25 silly audit   qs: [ '6.14.2' ],
25 silly audit   'range-parser': [ '1.2.1' ],
25 silly audit   'raw-body': [ '2.5.3' ],
25 silly audit   'readable-stream': [ '3.6.2' ],
25 silly audit   readdirp: [ '3.6.0' ],
25 silly audit   'safe-buffer': [ '5.2.1' ],
25 silly audit   'safer-buffer': [ '2.1.2' ],
25 silly audit   semver: [ '7.7.4' ],
25 silly audit   send: [ '0.19.2' ],
25 silly audit   'serve-static': [ '1.16.3' ],
25 silly audit   setprototypeof: [ '1.2.0' ],
25 silly audit   'side-channel': [ '1.1.0' ],
25 silly audit   'side-channel-list': [ '1.0.0' ],
25 silly audit   'side-channel-map': [ '1.0.1' ],
25 silly audit   'side-channel-weakmap': [ '1.0.2' ],
25 silly audit   'simple-update-notifier': [ '2.0.0' ],
25 silly audit   'sql-escaper': [ '1.3.3' ],
25 silly audit   statuses: [ '2.0.2' ],
25 silly audit   streamsearch: [ '1.1.0' ],
25 silly audit   string_decoder: [ '1.3.0' ],
25 silly audit   'supports-color': [ '5.5.0' ],
25 silly audit   'to-regex-range': [ '5.0.1' ],
25 silly audit   toidentifier: [ '1.0.1' ],
25 silly audit   touch: [ '3.1.1' ],
25 silly audit   'type-is': [ '1.6.18' ],
25 silly audit   typedarray: [ '0.0.6' ],
25 silly audit   undefsafe: [ '2.0.5' ],
25 silly audit   'undici-types': [ '7.18.2' ],
25 silly audit   unpipe: [ '1.0.0' ],
25 silly audit   'util-deprecate': [ '1.0.2' ],
25 silly audit   'utils-merge': [ '1.0.1' ],
25 silly audit   vary: [ '1.1.2' ],
25 silly audit   cors: [ '2.8.6' ],
25 silly audit   'object-assign': [ '4.1.1' ]
25 silly audit }
26 http cache cors@https://registry.npmjs.org/cors/-/cors-2.8.6.tgz 0ms (cache hit)
27 http cache object-assign@https://registry.npmjs.org/object-assign/-/object-assign-4.1.1.tgz 0ms (cache hit)
28 silly tarball no local data for cors@https://registry.npmjs.org/cors/-/cors-2.8.6.tgz. Extracting by manifest.
29 silly tarball no local data for object-assign@https://registry.npmjs.org/object-assign/-/object-assign-4.1.1.tgz. Extracting by manifest.
30 http fetch GET 200 https://registry.npmjs.org/object-assign/-/object-assign-4.1.1.tgz 118ms (cache miss)
31 http fetch GET 200 https://registry.npmjs.org/cors/-/cors-2.8.6.tgz 132ms (cache miss)
32 http fetch POST 200 https://registry.npmjs.org/-/npm/v1/security/advisories/bulk 238ms
33 silly audit report {}
34 silly ADD node_modules/object-assign
35 silly ADD node_modules/cors
36 verbose cwd E:\PA Anisa
37 verbose os Windows_NT 10.0.26200
38 verbose node v24.14.0
39 verbose npm  v11.9.0
40 verbose exit 0
41 info ok
