0 verbose cli C:\Program Files\nodejs\node.exe C:\Program Files\nodejs\node_modules\npm\bin\npm-cli.js
1 info using npm@11.9.0
2 info using node@v24.14.0
3 silly config load:file:C:\Program Files\nodejs\node_modules\npm\npmrc
4 silly config load:file:E:\PA Anisa\.npmrc
5 silly config load:file:C:\Users\admin\.npmrc
6 silly config load:file:C:\Users\admin\AppData\Roaming\npm\etc\npmrc
7 verbose title npm install
8 verbose argv "install" "--cache" ".npm-cache"
9 verbose logfile logs-max:10 dir:E:\PA Anisa\.npm-cache\_logs\2026-04-07T17_25_32_782Z-
10 verbose logfile E:\PA Anisa\.npm-cache\_logs\2026-04-07T17_25_32_782Z-debug-0.log
11 silly logfile done cleaning log files
12 silly packumentCache heap:2213019648 maxSize:553254912 maxEntrySize:276627456
13 http fetch GET https://registry.npmjs.org/npm attempt 1 failed with EACCES
14 silly idealTree buildDeps
15 silly fetch manifest bcryptjs@2.4.3
16 silly packumentCache full:https://registry.npmjs.org/bcryptjs cache-miss
17 http fetch GET https://registry.npmjs.org/bcryptjs attempt 1 failed with EACCES
18 http fetch GET https://registry.npmjs.org/npm attempt 2 failed with EACCES
19 http fetch GET https://registry.npmjs.org/bcryptjs attempt 2 failed with EACCES
20 http fetch GET https://registry.npmjs.org/npm attempt 3 failed with EACCES
21 http fetch GET https://registry.npmjs.org/bcryptjs attempt 3 failed with EACCES
22 silly fetch manifest jsonwebtoken@9.0.2
23 silly packumentCache full:https://registry.npmjs.org/jsonwebtoken cache-miss
24 http fetch GET https://registry.npmjs.org/jsonwebtoken attempt 1 failed with EACCES
25 http fetch GET https://registry.npmjs.org/jsonwebtoken attempt 2 failed with EACCES
26 http fetch GET https://registry.npmjs.org/jsonwebtoken attempt 3 failed with EACCES
27 silly placeDep ROOT bcryptjs@ OK for: sistem-pelayanan-terpadu@1.0.0 want: 2.4.3
28 silly placeDep ROOT jsonwebtoken@ OK for: sistem-pelayanan-terpadu@1.0.0 want: 9.0.2
29 verbose type system
30 verbose stack FetchError: request to https://registry.npmjs.org/bcryptjs failed, reason: 
30 verbose stack     at ClientRequest.<anonymous> (C:\Program Files\nodejs\node_modules\npm\node_modules\minipass-fetch\lib\index.js:130:14)
30 verbose stack     at ClientRequest.emit (node:events:508:28)
30 verbose stack     at emitErrorEvent (node:_http_client:108:11)
30 verbose stack     at _destroy (node:_http_client:963:9)
30 verbose stack     at onSocketNT (node:_http_client:983:5)
30 verbose stack     at process.processTicksAndRejections (node:internal/process/task_queues:91:21)
31 error code EACCES
32 error errno EACCES
33 error FetchError: request to https://registry.npmjs.org/bcryptjs failed, reason: 
33 error     at ClientRequest.<anonymous> (C:\Program Files\nodejs\node_modules\npm\node_modules\minipass-fetch\lib\index.js:130:14)
33 error     at ClientRequest.emit (node:events:508:28)
33 error     at emitErrorEvent (node:_http_client:108:11)
33 error     at _destroy (node:_http_client:963:9)
33 error     at onSocketNT (node:_http_client:983:5)
33 error     at process.processTicksAndRejections (node:internal/process/task_queues:91:21) {
33 error   code: 'EACCES',
33 error   errno: 'EACCES',
33 error   type: 'system',
33 error   requiredBy: '.'
33 error }
34 error
34 error The operation was rejected by your operating system.
34 error It's possible that the file was already in use (by a text editor or antivirus),
34 error or that you lack permissions to access it.
34 error
34 error If you believe this might be a permissions issue, please double-check the
34 error permissions of the file and its containing directories, or try running
34 error the command again as root/Administrator.
35 silly unfinished npm timer reify 1775582734860
36 silly unfinished npm timer reify:loadTrees 1775582734867
37 verbose cwd E:\PA Anisa
38 verbose os Windows_NT 10.0.26200
39 verbose node v24.14.0
40 verbose npm  v11.9.0
41 verbose exit 1
42 verbose code 1
43 error A complete log of this run can be found in: E:\PA Anisa\.npm-cache\_logs\2026-04-07T17_25_32_782Z-debug-0.log
