0 verbose cli C:\Program Files\nodejs\node.exe C:\Program Files\nodejs\node_modules\npm\bin\npm-cli.js
1 info using npm@11.9.0
2 info using node@v24.14.0
3 silly config load:file:C:\Program Files\nodejs\node_modules\npm\npmrc
4 silly config load:file:E:\PA Anisa\.npmrc
5 silly config load:file:C:\Users\admin\.npmrc
6 silly config load:file:C:\Users\admin\AppData\Roaming\npm\etc\npmrc
7 verbose title npm install
8 verbose argv "install" "--cache" ".npm-cache"
9 verbose logfile logs-max:10 dir:E:\PA Anisa\.npm-cache\_logs\2026-04-07T18_07_34_214Z-
10 verbose logfile E:\PA Anisa\.npm-cache\_logs\2026-04-07T18_07_34_214Z-debug-0.log
11 silly logfile done cleaning log files
12 silly packumentCache heap:2213019648 maxSize:553254912 maxEntrySize:276627456
13 silly idealTree buildDeps
14 silly fetch manifest bcryptjs@2.4.3
15 silly packumentCache full:https://registry.npmjs.org/bcryptjs cache-miss
16 http fetch GET https://registry.npmjs.org/bcryptjs attempt 1 failed with ECONNRESET
17 http fetch GET 200 https://registry.npmjs.org/bcryptjs 41611ms attempt #2 (cache miss)
18 silly packumentCache full:https://registry.npmjs.org/bcryptjs set size:undefined disposed:false
19 silly fetch manifest jsonwebtoken@9.0.2
20 silly packumentCache full:https://registry.npmjs.org/jsonwebtoken cache-miss
21 http fetch GET 200 https://registry.npmjs.org/jsonwebtoken 1650ms (cache miss)
22 silly packumentCache full:https://registry.npmjs.org/jsonwebtoken set size:undefined disposed:false
23 silly placeDep ROOT bcryptjs@2.4.3 OK for: sistem-pelayanan-terpadu@1.0.0 want: 2.4.3
24 silly placeDep ROOT jsonwebtoken@9.0.2 OK for: sistem-pelayanan-terpadu@1.0.0 want: 9.0.2
25 silly fetch manifest ms@^2.1.1
26 silly packumentCache full:https://registry.npmjs.org/ms cache-miss
27 silly fetch manifest jws@^3.2.2
28 silly packumentCache full:https://registry.npmjs.org/jws cache-miss
29 silly fetch manifest lodash.once@^4.0.0
30 silly packumentCache full:https://registry.npmjs.org/lodash.once cache-miss
31 silly fetch manifest lodash.includes@^4.3.0
32 silly packumentCache full:https://registry.npmjs.org/lodash.includes cache-miss
33 silly fetch manifest lodash.isnumber@^3.0.3
34 silly packumentCache full:https://registry.npmjs.org/lodash.isnumber cache-miss
35 silly fetch manifest lodash.isstring@^4.0.1
36 silly packumentCache full:https://registry.npmjs.org/lodash.isstring cache-miss
37 silly fetch manifest lodash.isboolean@^3.0.3
38 silly packumentCache full:https://registry.npmjs.org/lodash.isboolean cache-miss
39 http fetch GET 200 https://registry.npmjs.org/lodash.includes 6843ms (cache miss)
40 silly packumentCache full:https://registry.npmjs.org/lodash.includes set size:undefined disposed:false
41 silly fetch manifest lodash.isinteger@^4.0.4
42 silly packumentCache full:https://registry.npmjs.org/lodash.isinteger cache-miss
43 http fetch GET 200 https://registry.npmjs.org/lodash.isnumber 6859ms (cache miss)
44 silly packumentCache full:https://registry.npmjs.org/lodash.isnumber set size:undefined disposed:false
45 silly fetch manifest lodash.isplainobject@^4.0.6
46 silly packumentCache full:https://registry.npmjs.org/lodash.isplainobject cache-miss
47 http fetch GET 200 https://registry.npmjs.org/lodash.once 6887ms (cache miss)
48 silly packumentCache full:https://registry.npmjs.org/lodash.once set size:undefined disposed:false
49 http fetch GET 200 https://registry.npmjs.org/ms 8554ms (cache miss)
50 silly packumentCache full:https://registry.npmjs.org/ms set size:undefined disposed:false
51 http fetch GET 200 https://registry.npmjs.org/lodash.isplainobject 3331ms (cache miss)
52 silly packumentCache full:https://registry.npmjs.org/lodash.isplainobject set size:undefined disposed:false
53 http fetch GET 200 https://registry.npmjs.org/lodash.isinteger 5250ms (cache miss)
54 silly packumentCache full:https://registry.npmjs.org/lodash.isinteger set size:undefined disposed:false
55 http fetch GET 200 https://registry.npmjs.org/lodash.isstring 15510ms (cache miss)
56 silly packumentCache full:https://registry.npmjs.org/lodash.isstring set size:undefined disposed:false
57 http fetch GET 200 https://registry.npmjs.org/lodash.isboolean 16794ms (cache miss)
58 silly packumentCache full:https://registry.npmjs.org/lodash.isboolean set size:undefined disposed:false
59 http fetch GET 200 https://registry.npmjs.org/jws 16837ms (cache miss)
60 silly packumentCache full:https://registry.npmjs.org/jws set size:undefined disposed:false
61 silly placeDep ROOT jws@3.2.3 OK for: jsonwebtoken@9.0.2 want: ^3.2.2
62 silly placeDep ROOT lodash.includes@4.3.0 OK for: jsonwebtoken@9.0.2 want: ^4.3.0
63 silly placeDep ROOT lodash.isboolean@3.0.3 OK for: jsonwebtoken@9.0.2 want: ^3.0.3
64 silly placeDep ROOT lodash.isinteger@4.0.4 OK for: jsonwebtoken@9.0.2 want: ^4.0.4
65 silly placeDep ROOT lodash.isnumber@3.0.3 OK for: jsonwebtoken@9.0.2 want: ^3.0.3
66 silly placeDep ROOT lodash.isplainobject@4.0.6 OK for: jsonwebtoken@9.0.2 want: ^4.0.6
67 silly placeDep ROOT lodash.isstring@4.0.1 OK for: jsonwebtoken@9.0.2 want: ^4.0.1
68 silly placeDep ROOT lodash.once@4.1.1 OK for: jsonwebtoken@9.0.2 want: ^4.0.0
69 silly placeDep node_modules/jsonwebtoken ms@2.1.3 OK for: jsonwebtoken@9.0.2 want: ^2.1.1
70 silly fetch manifest jwa@^1.4.2
71 silly packumentCache full:https://registry.npmjs.org/jwa cache-miss
72 http fetch GET 200 https://registry.npmjs.org/jwa 185ms (cache miss)
73 silly packumentCache full:https://registry.npmjs.org/jwa set size:undefined disposed:false
74 silly placeDep ROOT jwa@1.4.2 OK for: jws@3.2.3 want: ^1.4.2
75 silly fetch manifest ecdsa-sig-formatter@1.0.11
76 silly packumentCache full:https://registry.npmjs.org/ecdsa-sig-formatter cache-miss
77 silly fetch manifest buffer-equal-constant-time@^1.0.1
78 silly packumentCache full:https://registry.npmjs.org/buffer-equal-constant-time cache-miss
79 http fetch GET 200 https://registry.npmjs.org/buffer-equal-constant-time 3090ms (cache miss)
80 silly packumentCache full:https://registry.npmjs.org/buffer-equal-constant-time set size:undefined disposed:false
81 http fetch GET 200 https://registry.npmjs.org/ecdsa-sig-formatter 3098ms (cache miss)
82 silly packumentCache full:https://registry.npmjs.org/ecdsa-sig-formatter set size:undefined disposed:false
83 silly placeDep ROOT buffer-equal-constant-time@1.0.1 OK for: jwa@1.4.2 want: ^1.0.1
84 silly placeDep ROOT ecdsa-sig-formatter@1.0.11 OK for: jwa@1.4.2 want: 1.0.11
85 silly reify moves {}
86 silly audit bulk request {
86 silly audit   '@types/node': [ '25.5.2' ],
86 silly audit   accepts: [ '1.3.8' ],
86 silly audit   anymatch: [ '3.1.3' ],
86 silly audit   'array-flatten': [ '1.1.1' ],
86 silly audit   'aws-ssl-profiles': [ '1.1.2' ],
86 silly audit   'balanced-match': [ '4.0.4' ],
86 silly audit   'binary-extensions': [ '2.3.0' ],
86 silly audit   'body-parser': [ '1.20.4' ],
86 silly audit   'brace-expansion': [ '5.0.5' ],
86 silly audit   braces: [ '3.0.3' ],
86 silly audit   bytes: [ '3.1.2' ],
86 silly audit   'call-bind-apply-helpers': [ '1.0.2' ],
86 silly audit   'call-bound': [ '1.0.4' ],
86 silly audit   chokidar: [ '3.6.0' ],
86 silly audit   'content-disposition': [ '0.5.4' ],
86 silly audit   'content-type': [ '1.0.5' ],
86 silly audit   cookie: [ '0.7.2' ],
86 silly audit   'cookie-signature': [ '1.0.7' ],
86 silly audit   debug: [ '2.6.9', '4.4.3' ],
86 silly audit   denque: [ '2.1.0' ],
86 silly audit   depd: [ '2.0.0' ],
86 silly audit   destroy: [ '1.2.0' ],
86 silly audit   dotenv: [ '16.6.1' ],
86 silly audit   'dunder-proto': [ '1.0.1' ],
86 silly audit   'ee-first': [ '1.1.1' ],
86 silly audit   encodeurl: [ '2.0.0' ],
86 silly audit   'es-define-property': [ '1.0.1' ],
86 silly audit   'es-errors': [ '1.3.0' ],
86 silly audit   'es-object-atoms': [ '1.1.1' ],
86 silly audit   'escape-html': [ '1.0.3' ],
86 silly audit   etag: [ '1.8.1' ],
86 silly audit   express: [ '4.22.1' ],
86 silly audit   'fill-range': [ '7.1.1' ],
86 silly audit   finalhandler: [ '1.3.2' ],
86 silly audit   forwarded: [ '0.2.0' ],
86 silly audit   fresh: [ '0.5.2' ],
86 silly audit   fsevents: [ '2.3.3' ],
86 silly audit   'function-bind': [ '1.1.2' ],
86 silly audit   'generate-function': [ '2.3.1' ],
86 silly audit   'get-intrinsic': [ '1.3.0' ],
86 silly audit   'get-proto': [ '1.0.1' ],
86 silly audit   'glob-parent': [ '5.1.2' ],
86 silly audit   gopd: [ '1.2.0' ],
86 silly audit   'has-flag': [ '3.0.0' ],
86 silly audit   'has-symbols': [ '1.1.0' ],
86 silly audit   hasown: [ '2.0.2' ],
86 silly audit   'http-errors': [ '2.0.1' ],
86 silly audit   'iconv-lite': [ '0.4.24', '0.7.2' ],
86 silly audit   'ignore-by-default': [ '1.0.1' ],
86 silly audit   inherits: [ '2.0.4' ],
86 silly audit   'ipaddr.js': [ '1.9.1' ],
86 silly audit   'is-binary-path': [ '2.1.0' ],
86 silly audit   'is-extglob': [ '2.1.1' ],
86 silly audit   'is-glob': [ '4.0.3' ],
86 silly audit   'is-number': [ '7.0.0' ],
86 silly audit   'is-property': [ '1.0.2' ],
86 silly audit   long: [ '5.3.2' ],
86 silly audit   'lru.min': [ '1.1.4' ],
86 silly audit   'math-intrinsics': [ '1.1.0' ],
86 silly audit   'media-typer': [ '0.3.0' ],
86 silly audit   'merge-descriptors': [ '1.0.3' ],
86 silly audit   methods: [ '1.1.2' ],
86 silly audit   mime: [ '1.6.0' ],
86 silly audit   'mime-db': [ '1.52.0' ],
86 silly audit   'mime-types': [ '2.1.35' ],
86 silly audit   minimatch: [ '10.2.5' ],
86 silly audit   ms: [ '2.0.0', '2.1.3' ],
86 silly audit   mysql2: [ '3.20.0' ],
86 silly audit   'named-placeholders': [ '1.1.6' ],
86 silly audit   negotiator: [ '0.6.3' ],
86 silly audit   nodemon: [ '3.1.14' ],
86 silly audit   'normalize-path': [ '3.0.0' ],
86 silly audit   'object-inspect': [ '1.13.4' ],
86 silly audit   'on-finished': [ '2.4.1' ],
86 silly audit   parseurl: [ '1.3.3' ],
86 silly audit   'path-to-regexp': [ '0.1.13' ],
86 silly audit   picomatch: [ '2.3.2' ],
86 silly audit   'proxy-addr': [ '2.0.7' ],
86 silly audit   'pstree.remy': [ '1.1.8' ],
86 silly audit   qs: [ '6.14.2' ],
86 silly audit   'range-parser': [ '1.2.1' ],
86 silly audit   'raw-body': [ '2.5.3' ],
86 silly audit   readdirp: [ '3.6.0' ],
86 silly audit   'safe-buffer': [ '5.2.1' ],
86 silly audit   'safer-buffer': [ '2.1.2' ],
86 silly audit   semver: [ '7.7.4' ],
86 silly audit   send: [ '0.19.2' ],
86 silly audit   'serve-static': [ '1.16.3' ],
86 silly audit   setprototypeof: [ '1.2.0' ],
86 silly audit   'side-channel': [ '1.1.0' ],
86 silly audit   'side-channel-list': [ '1.0.0' ],
86 silly audit   'side-channel-map': [ '1.0.1' ],
86 silly audit   'side-channel-weakmap': [ '1.0.2' ],
86 silly audit   'simple-update-notifier': [ '2.0.0' ],
86 silly audit   'sql-escaper': [ '1.3.3' ],
86 silly audit   statuses: [ '2.0.2' ],
86 silly audit   'supports-color': [ '5.5.0' ],
86 silly audit   'to-regex-range': [ '5.0.1' ],
86 silly audit   toidentifier: [ '1.0.1' ],
86 silly audit   touch: [ '3.1.1' ],
86 silly audit   'type-is': [ '1.6.18' ],
86 silly audit   undefsafe: [ '2.0.5' ],
86 silly audit   'undici-types': [ '7.18.2' ],
86 silly audit   unpipe: [ '1.0.0' ],
86 silly audit   'utils-merge': [ '1.0.1' ],
86 silly audit   vary: [ '1.1.2' ],
86 silly audit   bcryptjs: [ '2.4.3' ],
86 silly audit   jsonwebtoken: [ '9.0.2' ],
86 silly audit   jws: [ '3.2.3' ],
86 silly audit   'lodash.includes': [ '4.3.0' ],
86 silly audit   'lodash.isboolean': [ '3.0.3' ],
86 silly audit   'lodash.isinteger': [ '4.0.4' ],
86 silly audit   'lodash.isnumber': [ '3.0.3' ],
86 silly audit   'lodash.isplainobject': [ '4.0.6' ],
86 silly audit   'lodash.isstring': [ '4.0.1' ],
86 silly audit   'lodash.once': [ '4.1.1' ],
86 silly audit   jwa: [ '1.4.2' ],
86 silly audit   'buffer-equal-constant-time': [ '1.0.1' ],
86 silly audit   'ecdsa-sig-formatter': [ '1.0.11' ]
86 silly audit }
87 http cache ecdsa-sig-formatter@https://registry.npmjs.org/ecdsa-sig-formatter/-/ecdsa-sig-formatter-1.0.11.tgz 3ms (cache hit)
88 http cache lodash.isstring@https://registry.npmjs.org/lodash.isstring/-/lodash.isstring-4.0.1.tgz 0ms (cache hit)
89 http cache buffer-equal-constant-time@https://registry.npmjs.org/buffer-equal-constant-time/-/buffer-equal-constant-time-1.0.1.tgz 0ms (cache hit)
90 http cache lodash.isplainobject@https://registry.npmjs.org/lodash.isplainobject/-/lodash.isplainobject-4.0.6.tgz 0ms (cache hit)
91 http cache lodash.isnumber@https://registry.npmjs.org/lodash.isnumber/-/lodash.isnumber-3.0.3.tgz 1ms (cache hit)
92 http cache lodash.once@https://registry.npmjs.org/lodash.once/-/lodash.once-4.1.1.tgz 0ms (cache hit)
93 http cache lodash.isinteger@https://registry.npmjs.org/lodash.isinteger/-/lodash.isinteger-4.0.4.tgz 0ms (cache hit)
94 http cache lodash.includes@https://registry.npmjs.org/lodash.includes/-/lodash.includes-4.3.0.tgz 0ms (cache hit)
95 http cache lodash.isboolean@https://registry.npmjs.org/lodash.isboolean/-/lodash.isboolean-3.0.3.tgz 0ms (cache hit)
96 http cache jsonwebtoken@https://registry.npmjs.org/jsonwebtoken/-/jsonwebtoken-9.0.2.tgz 0ms (cache hit)
97 http cache jwa@https://registry.npmjs.org/jwa/-/jwa-1.4.2.tgz 0ms (cache hit)
98 http cache ms@https://registry.npmjs.org/ms/-/ms-2.1.3.tgz 0ms (cache hit)
99 silly tarball no local data for ecdsa-sig-formatter@https://registry.npmjs.org/ecdsa-sig-formatter/-/ecdsa-sig-formatter-1.0.11.tgz. Extracting by manifest.
100 http cache jws@https://registry.npmjs.org/jws/-/jws-3.2.3.tgz 1ms (cache hit)
101 http cache bcryptjs@https://registry.npmjs.org/bcryptjs/-/bcryptjs-2.4.3.tgz 1ms (cache hit)
102 silly tarball no local data for lodash.isstring@https://registry.npmjs.org/lodash.isstring/-/lodash.isstring-4.0.1.tgz. Extracting by manifest.
103 silly tarball no local data for buffer-equal-constant-time@https://registry.npmjs.org/buffer-equal-constant-time/-/buffer-equal-constant-time-1.0.1.tgz. Extracting by manifest.
104 silly tarball no local data for lodash.isplainobject@https://registry.npmjs.org/lodash.isplainobject/-/lodash.isplainobject-4.0.6.tgz. Extracting by manifest.
105 silly tarball no local data for lodash.isnumber@https://registry.npmjs.org/lodash.isnumber/-/lodash.isnumber-3.0.3.tgz. Extracting by manifest.
106 silly tarball no local data for lodash.once@https://registry.npmjs.org/lodash.once/-/lodash.once-4.1.1.tgz. Extracting by manifest.
107 silly tarball no local data for lodash.isinteger@https://registry.npmjs.org/lodash.isinteger/-/lodash.isinteger-4.0.4.tgz. Extracting by manifest.
108 silly tarball no local data for lodash.includes@https://registry.npmjs.org/lodash.includes/-/lodash.includes-4.3.0.tgz. Extracting by manifest.
109 silly tarball no local data for lodash.isboolean@https://registry.npmjs.org/lodash.isboolean/-/lodash.isboolean-3.0.3.tgz. Extracting by manifest.
110 silly tarball no local data for jsonwebtoken@https://registry.npmjs.org/jsonwebtoken/-/jsonwebtoken-9.0.2.tgz. Extracting by manifest.
111 silly tarball no local data for jwa@https://registry.npmjs.org/jwa/-/jwa-1.4.2.tgz. Extracting by manifest.
112 silly tarball no local data for ms@https://registry.npmjs.org/ms/-/ms-2.1.3.tgz. Extracting by manifest.
113 silly tarball no local data for jws@https://registry.npmjs.org/jws/-/jws-3.2.3.tgz. Extracting by manifest.
114 silly tarball no local data for bcryptjs@https://registry.npmjs.org/bcryptjs/-/bcryptjs-2.4.3.tgz. Extracting by manifest.
115 http fetch POST 200 https://registry.npmjs.org/-/npm/v1/security/advisories/bulk 1317ms
116 silly audit report {}
117 http fetch GET 200 https://registry.npmjs.org/lodash.isstring/-/lodash.isstring-4.0.1.tgz 1198ms (cache miss)
118 http fetch GET 200 https://registry.npmjs.org/lodash.isnumber/-/lodash.isnumber-3.0.3.tgz 1204ms (cache miss)
119 http fetch GET 200 https://registry.npmjs.org/buffer-equal-constant-time/-/buffer-equal-constant-time-1.0.1.tgz 1233ms (cache miss)
120 http fetch GET 200 https://registry.npmjs.org/ecdsa-sig-formatter/-/ecdsa-sig-formatter-1.0.11.tgz 1331ms (cache miss)
121 http fetch GET 200 https://registry.npmjs.org/lodash.isplainobject/-/lodash.isplainobject-4.0.6.tgz 2872ms (cache miss)
122 http fetch GET 200 https://registry.npmjs.org/lodash.once/-/lodash.once-4.1.1.tgz 2869ms (cache miss)
123 http fetch GET 200 https://registry.npmjs.org/lodash.isboolean/-/lodash.isboolean-3.0.3.tgz 5161ms (cache miss)
124 http fetch GET 200 https://registry.npmjs.org/lodash.isinteger/-/lodash.isinteger-4.0.4.tgz 5211ms (cache miss)
125 http fetch GET 200 https://registry.npmjs.org/lodash.includes/-/lodash.includes-4.3.0.tgz 5233ms (cache miss)
126 http fetch GET 200 https://registry.npmjs.org/ms/-/ms-2.1.3.tgz 6082ms (cache miss)
127 http fetch GET 200 https://registry.npmjs.org/jwa/-/jwa-1.4.2.tgz 6100ms (cache miss)
128 http fetch GET 200 https://registry.npmjs.org/jws/-/jws-3.2.3.tgz 13497ms (cache miss)
129 http fetch GET 200 https://registry.npmjs.org/bcryptjs/-/bcryptjs-2.4.3.tgz 13645ms (cache miss)
130 http fetch GET 200 https://registry.npmjs.org/jsonwebtoken/-/jsonwebtoken-9.0.2.tgz 17003ms (cache miss)
131 silly ADD node_modules/ecdsa-sig-formatter
132 silly ADD node_modules/buffer-equal-constant-time
133 silly ADD node_modules/jwa
134 silly ADD node_modules/lodash.once
135 silly ADD node_modules/lodash.isstring
136 silly ADD node_modules/lodash.isplainobject
137 silly ADD node_modules/lodash.isnumber
138 silly ADD node_modules/lodash.isinteger
139 silly ADD node_modules/lodash.isboolean
140 silly ADD node_modules/lodash.includes
141 silly ADD node_modules/jws
142 silly ADD node_modules/jsonwebtoken
143 silly ADD node_modules/jsonwebtoken/node_modules/ms
144 silly ADD node_modules/bcryptjs
145 verbose cwd E:\PA Anisa
146 verbose os Windows_NT 10.0.26200
147 verbose node v24.14.0
148 verbose npm  v11.9.0
149 verbose exit 0
150 info ok
