0 verbose cli C:\Program Files\nodejs\node.exe C:\Program Files\nodejs\node_modules\npm\bin\npm-cli.js
1 info using npm@11.9.0
2 info using node@v24.14.0
3 silly config load:file:C:\Program Files\nodejs\node_modules\npm\npmrc
4 silly config load:file:E:\PA Anisa\.npmrc
5 silly config load:file:C:\Users\admin\.npmrc
6 silly config load:file:C:\Users\admin\AppData\Roaming\npm\etc\npmrc
7 verbose title npm i multer
8 verbose argv "i" "multer"
9 verbose logfile logs-max:10 dir:E:\PA Anisa\.npm-cache\_logs\2026-05-05T08_06_55_846Z-
10 verbose logfile E:\PA Anisa\.npm-cache\_logs\2026-05-05T08_06_55_846Z-debug-0.log
11 silly logfile done cleaning log files
12 silly packumentCache heap:2213019648 maxSize:553254912 maxEntrySize:276627456
13 silly idealTree buildDeps
14 silly fetch manifest multer@*
15 silly packumentCache full:https://registry.npmjs.org/multer cache-miss
16 http fetch GET 200 https://registry.npmjs.org/multer 580ms (cache miss)
17 silly packumentCache full:https://registry.npmjs.org/multer set size:undefined disposed:false
18 silly placeDep ROOT multer@2.1.1 OK for: sistem-pelayanan-terpadu@1.0.0 want: *
19 silly fetch manifest append-field@^1.0.0
20 silly packumentCache full:https://registry.npmjs.org/append-field cache-miss
21 silly fetch manifest busboy@^1.6.0
22 silly packumentCache full:https://registry.npmjs.org/busboy cache-miss
23 silly fetch manifest concat-stream@^2.0.0
24 silly packumentCache full:https://registry.npmjs.org/concat-stream cache-miss
25 http fetch GET 200 https://registry.npmjs.org/append-field 88ms (cache miss)
26 silly packumentCache full:https://registry.npmjs.org/append-field set size:undefined disposed:false
27 http fetch GET 200 https://registry.npmjs.org/concat-stream 150ms (cache miss)
28 silly packumentCache full:https://registry.npmjs.org/concat-stream set size:undefined disposed:false
29 http fetch GET 200 https://registry.npmjs.org/busboy 155ms (cache miss)
30 silly packumentCache full:https://registry.npmjs.org/busboy set size:undefined disposed:false
31 silly placeDep ROOT append-field@1.0.0 OK for: multer@2.1.1 want: ^1.0.0
32 silly placeDep ROOT busboy@1.6.0 OK for: multer@2.1.1 want: ^1.6.0
33 silly placeDep ROOT concat-stream@2.0.0 OK for: multer@2.1.1 want: ^2.0.0
34 silly fetch manifest streamsearch@^1.1.0
35 silly packumentCache full:https://registry.npmjs.org/streamsearch cache-miss
36 silly fetch manifest buffer-from@^1.0.0
37 silly packumentCache full:https://registry.npmjs.org/buffer-from cache-miss
38 silly fetch manifest readable-stream@^3.0.2
39 silly packumentCache full:https://registry.npmjs.org/readable-stream cache-miss
40 silly fetch manifest typedarray@^0.0.6
41 silly packumentCache full:https://registry.npmjs.org/typedarray cache-miss
42 http fetch GET 200 https://registry.npmjs.org/streamsearch 103ms (cache miss)
43 silly packumentCache full:https://registry.npmjs.org/streamsearch set size:undefined disposed:false
44 http fetch GET 200 https://registry.npmjs.org/buffer-from 107ms (cache miss)
45 silly packumentCache full:https://registry.npmjs.org/buffer-from set size:undefined disposed:false
46 http fetch GET 200 https://registry.npmjs.org/readable-stream 112ms (cache miss)
47 silly packumentCache full:https://registry.npmjs.org/readable-stream set size:undefined disposed:false
48 http fetch GET 200 https://registry.npmjs.org/typedarray 150ms (cache miss)
49 silly packumentCache full:https://registry.npmjs.org/typedarray set size:undefined disposed:false
50 silly placeDep ROOT streamsearch@1.1.0 OK for: busboy@1.6.0 want: ^1.1.0
51 silly placeDep ROOT buffer-from@1.1.2 OK for: concat-stream@2.0.0 want: ^1.0.0
52 silly placeDep ROOT readable-stream@3.6.2 OK for: concat-stream@2.0.0 want: ^3.0.2
53 silly placeDep ROOT typedarray@0.0.6 OK for: concat-stream@2.0.0 want: ^0.0.6
54 silly fetch manifest string_decoder@^1.1.1
55 silly packumentCache full:https://registry.npmjs.org/string_decoder cache-miss
56 silly fetch manifest util-deprecate@^1.0.1
57 silly packumentCache full:https://registry.npmjs.org/util-deprecate cache-miss
58 http fetch GET 200 https://registry.npmjs.org/util-deprecate 100ms (cache miss)
59 silly packumentCache full:https://registry.npmjs.org/util-deprecate set size:undefined disposed:false
60 http fetch GET 200 https://registry.npmjs.org/string_decoder 140ms (cache miss)
61 silly packumentCache full:https://registry.npmjs.org/string_decoder set size:undefined disposed:false
62 silly placeDep ROOT string_decoder@1.3.0 OK for: readable-stream@3.6.2 want: ^1.1.1
63 silly placeDep ROOT util-deprecate@1.0.2 OK for: readable-stream@3.6.2 want: ^1.0.1
64 silly reify moves {}
65 silly audit bulk request {
65 silly audit   '@types/node': [ '25.5.2' ],
65 silly audit   accepts: [ '1.3.8' ],
65 silly audit   anymatch: [ '3.1.3' ],
65 silly audit   'array-flatten': [ '1.1.1' ],
65 silly audit   'aws-ssl-profiles': [ '1.1.2' ],
65 silly audit   'balanced-match': [ '4.0.4' ],
65 silly audit   bcryptjs: [ '2.4.3' ],
65 silly audit   'binary-extensions': [ '2.3.0' ],
65 silly audit   'body-parser': [ '1.20.4' ],
65 silly audit   'brace-expansion': [ '5.0.5' ],
65 silly audit   braces: [ '3.0.3' ],
65 silly audit   'buffer-equal-constant-time': [ '1.0.1' ],
65 silly audit   bytes: [ '3.1.2' ],
65 silly audit   'call-bind-apply-helpers': [ '1.0.2' ],
65 silly audit   'call-bound': [ '1.0.4' ],
65 silly audit   chokidar: [ '3.6.0' ],
65 silly audit   'content-disposition': [ '0.5.4' ],
65 silly audit   'content-type': [ '1.0.5' ],
65 silly audit   cookie: [ '0.7.2' ],
65 silly audit   'cookie-signature': [ '1.0.7' ],
65 silly audit   debug: [ '2.6.9', '4.4.3' ],
65 silly audit   denque: [ '2.1.0' ],
65 silly audit   depd: [ '2.0.0' ],
65 silly audit   destroy: [ '1.2.0' ],
65 silly audit   dotenv: [ '16.6.1' ],
65 silly audit   'dunder-proto': [ '1.0.1' ],
65 silly audit   'ecdsa-sig-formatter': [ '1.0.11' ],
65 silly audit   'ee-first': [ '1.1.1' ],
65 silly audit   encodeurl: [ '2.0.0' ],
65 silly audit   'es-define-property': [ '1.0.1' ],
65 silly audit   'es-errors': [ '1.3.0' ],
65 silly audit   'es-object-atoms': [ '1.1.1' ],
65 silly audit   'escape-html': [ '1.0.3' ],
65 silly audit   etag: [ '1.8.1' ],
65 silly audit   express: [ '4.22.1' ],
65 silly audit   'fill-range': [ '7.1.1' ],
65 silly audit   finalhandler: [ '1.3.2' ],
65 silly audit   forwarded: [ '0.2.0' ],
65 silly audit   fresh: [ '0.5.2' ],
65 silly audit   fsevents: [ '2.3.3' ],
65 silly audit   'function-bind': [ '1.1.2' ],
65 silly audit   'generate-function': [ '2.3.1' ],
65 silly audit   'get-intrinsic': [ '1.3.0' ],
65 silly audit   'get-proto': [ '1.0.1' ],
65 silly audit   'glob-parent': [ '5.1.2' ],
65 silly audit   gopd: [ '1.2.0' ],
65 silly audit   'has-flag': [ '3.0.0' ],
65 silly audit   'has-symbols': [ '1.1.0' ],
65 silly audit   hasown: [ '2.0.2' ],
65 silly audit   'http-errors': [ '2.0.1' ],
65 silly audit   'iconv-lite': [ '0.4.24', '0.7.2' ],
65 silly audit   'ignore-by-default': [ '1.0.1' ],
65 silly audit   inherits: [ '2.0.4' ],
65 silly audit   'ipaddr.js': [ '1.9.1' ],
65 silly audit   'is-binary-path': [ '2.1.0' ],
65 silly audit   'is-extglob': [ '2.1.1' ],
65 silly audit   'is-glob': [ '4.0.3' ],
65 silly audit   'is-number': [ '7.0.0' ],
65 silly audit   'is-property': [ '1.0.2' ],
65 silly audit   jsonwebtoken: [ '9.0.2' ],
65 silly audit   ms: [ '2.1.3', '2.0.0' ],
65 silly audit   jwa: [ '1.4.2' ],
65 silly audit   jws: [ '3.2.3' ],
65 silly audit   'lodash.includes': [ '4.3.0' ],
65 silly audit   'lodash.isboolean': [ '3.0.3' ],
65 silly audit   'lodash.isinteger': [ '4.0.4' ],
65 silly audit   'lodash.isnumber': [ '3.0.3' ],
65 silly audit   'lodash.isplainobject': [ '4.0.6' ],
65 silly audit   'lodash.isstring': [ '4.0.1' ],
65 silly audit   'lodash.once': [ '4.1.1' ],
65 silly audit   long: [ '5.3.2' ],
65 silly audit   'lru.min': [ '1.1.4' ],
65 silly audit   'math-intrinsics': [ '1.1.0' ],
65 silly audit   'media-typer': [ '0.3.0' ],
65 silly audit   'merge-descriptors': [ '1.0.3' ],
65 silly audit   methods: [ '1.1.2' ],
65 silly audit   mime: [ '1.6.0' ],
65 silly audit   'mime-db': [ '1.52.0' ],
65 silly audit   'mime-types': [ '2.1.35' ],
65 silly audit   minimatch: [ '10.2.5' ],
65 silly audit   mysql2: [ '3.20.0' ],
65 silly audit   'named-placeholders': [ '1.1.6' ],
65 silly audit   negotiator: [ '0.6.3' ],
65 silly audit   nodemon: [ '3.1.14' ],
65 silly audit   'normalize-path': [ '3.0.0' ],
65 silly audit   'object-inspect': [ '1.13.4' ],
65 silly audit   'on-finished': [ '2.4.1' ],
65 silly audit   parseurl: [ '1.3.3' ],
65 silly audit   'path-to-regexp': [ '0.1.13' ],
65 silly audit   picomatch: [ '2.3.2' ],
65 silly audit   'proxy-addr': [ '2.0.7' ],
65 silly audit   'pstree.remy': [ '1.1.8' ],
65 silly audit   qs: [ '6.14.2' ],
65 silly audit   'range-parser': [ '1.2.1' ],
65 silly audit   'raw-body': [ '2.5.3' ],
65 silly audit   readdirp: [ '3.6.0' ],
65 silly audit   'safe-buffer': [ '5.2.1' ],
65 silly audit   'safer-buffer': [ '2.1.2' ],
65 silly audit   semver: [ '7.7.4' ],
65 silly audit   send: [ '0.19.2' ],
65 silly audit   'serve-static': [ '1.16.3' ],
65 silly audit   setprototypeof: [ '1.2.0' ],
65 silly audit   'side-channel': [ '1.1.0' ],
65 silly audit   'side-channel-list': [ '1.0.0' ],
65 silly audit   'side-channel-map': [ '1.0.1' ],
65 silly audit   'side-channel-weakmap': [ '1.0.2' ],
65 silly audit   'simple-update-notifier': [ '2.0.0' ],
65 silly audit   'sql-escaper': [ '1.3.3' ],
65 silly audit   statuses: [ '2.0.2' ],
65 silly audit   'supports-color': [ '5.5.0' ],
65 silly audit   'to-regex-range': [ '5.0.1' ],
65 silly audit   toidentifier: [ '1.0.1' ],
65 silly audit   touch: [ '3.1.1' ],
65 silly audit   'type-is': [ '1.6.18' ],
65 silly audit   undefsafe: [ '2.0.5' ],
65 silly audit   'undici-types': [ '7.18.2' ],
65 silly audit   unpipe: [ '1.0.0' ],
65 silly audit   'utils-merge': [ '1.0.1' ],
65 silly audit   vary: [ '1.1.2' ],
65 silly audit   multer: [ '2.1.1' ],
65 silly audit   'append-field': [ '1.0.0' ],
65 silly audit   busboy: [ '1.6.0' ],
65 silly audit   'concat-stream': [ '2.0.0' ],
65 silly audit   streamsearch: [ '1.1.0' ],
65 silly audit   'buffer-from': [ '1.1.2' ],
65 silly audit   'readable-stream': [ '3.6.2' ],
65 silly audit   typedarray: [ '0.0.6' ],
65 silly audit   string_decoder: [ '1.3.0' ],
65 silly audit   'util-deprecate': [ '1.0.2' ]
65 silly audit }
66 http cache util-deprecate@https://registry.npmjs.org/util-deprecate/-/util-deprecate-1.0.2.tgz 0ms (cache hit)
67 http cache string_decoder@https://registry.npmjs.org/string_decoder/-/string_decoder-1.3.0.tgz 0ms (cache hit)
68 http cache typedarray@https://registry.npmjs.org/typedarray/-/typedarray-0.0.6.tgz 0ms (cache hit)
69 http cache readable-stream@https://registry.npmjs.org/readable-stream/-/readable-stream-3.6.2.tgz 0ms (cache hit)
70 http cache buffer-from@https://registry.npmjs.org/buffer-from/-/buffer-from-1.1.2.tgz 0ms (cache hit)
71 http cache streamsearch@https://registry.npmjs.org/streamsearch/-/streamsearch-1.1.0.tgz 0ms (cache hit)
72 http cache concat-stream@https://registry.npmjs.org/concat-stream/-/concat-stream-2.0.0.tgz 0ms (cache hit)
73 http cache busboy@https://registry.npmjs.org/busboy/-/busboy-1.6.0.tgz 0ms (cache hit)
74 http cache append-field@https://registry.npmjs.org/append-field/-/append-field-1.0.0.tgz 0ms (cache hit)
75 http cache multer@https://registry.npmjs.org/multer/-/multer-2.1.1.tgz 0ms (cache hit)
76 silly tarball no local data for util-deprecate@https://registry.npmjs.org/util-deprecate/-/util-deprecate-1.0.2.tgz. Extracting by manifest.
77 silly tarball no local data for string_decoder@https://registry.npmjs.org/string_decoder/-/string_decoder-1.3.0.tgz. Extracting by manifest.
78 silly tarball no local data for typedarray@https://registry.npmjs.org/typedarray/-/typedarray-0.0.6.tgz. Extracting by manifest.
79 silly tarball no local data for readable-stream@https://registry.npmjs.org/readable-stream/-/readable-stream-3.6.2.tgz. Extracting by manifest.
80 silly tarball no local data for buffer-from@https://registry.npmjs.org/buffer-from/-/buffer-from-1.1.2.tgz. Extracting by manifest.
81 silly tarball no local data for streamsearch@https://registry.npmjs.org/streamsearch/-/streamsearch-1.1.0.tgz. Extracting by manifest.
82 silly tarball no local data for concat-stream@https://registry.npmjs.org/concat-stream/-/concat-stream-2.0.0.tgz. Extracting by manifest.
83 silly tarball no local data for busboy@https://registry.npmjs.org/busboy/-/busboy-1.6.0.tgz. Extracting by manifest.
84 silly tarball no local data for append-field@https://registry.npmjs.org/append-field/-/append-field-1.0.0.tgz. Extracting by manifest.
85 silly tarball no local data for multer@https://registry.npmjs.org/multer/-/multer-2.1.1.tgz. Extracting by manifest.
86 http fetch GET 200 https://registry.npmjs.org/string_decoder/-/string_decoder-1.3.0.tgz 136ms (cache miss)
87 http fetch GET 200 https://registry.npmjs.org/util-deprecate/-/util-deprecate-1.0.2.tgz 144ms (cache miss)
88 http fetch POST 200 https://registry.npmjs.org/-/npm/v1/security/advisories/bulk 233ms
89 silly audit report {}
90 http fetch GET 200 https://registry.npmjs.org/concat-stream/-/concat-stream-2.0.0.tgz 199ms (cache miss)
91 http fetch GET 200 https://registry.npmjs.org/buffer-from/-/buffer-from-1.1.2.tgz 215ms (cache miss)
92 http fetch GET 200 https://registry.npmjs.org/append-field/-/append-field-1.0.0.tgz 235ms (cache miss)
93 http fetch GET 200 https://registry.npmjs.org/streamsearch/-/streamsearch-1.1.0.tgz 248ms (cache miss)
94 http fetch GET 200 https://registry.npmjs.org/typedarray/-/typedarray-0.0.6.tgz 256ms (cache miss)
95 http fetch GET 200 https://registry.npmjs.org/multer/-/multer-2.1.1.tgz 269ms (cache miss)
96 http fetch GET 200 https://registry.npmjs.org/readable-stream/-/readable-stream-3.6.2.tgz 317ms (cache miss)
97 http fetch GET 200 https://registry.npmjs.org/busboy/-/busboy-1.6.0.tgz 321ms (cache miss)
98 silly ADD node_modules/util-deprecate
99 silly ADD node_modules/string_decoder
100 silly ADD node_modules/typedarray
101 silly ADD node_modules/readable-stream
102 silly ADD node_modules/buffer-from
103 silly ADD node_modules/streamsearch
104 silly ADD node_modules/concat-stream
105 silly ADD node_modules/busboy
106 silly ADD node_modules/append-field
107 silly ADD node_modules/multer
108 verbose cwd E:\PA Anisa
109 verbose os Windows_NT 10.0.26200
110 verbose node v24.14.0
111 verbose npm  v11.9.0
112 verbose exit 0
113 info ok
